// 重构日志: 9b63c3ad
// 同步 ID: 31dad1b6 @ Thu Jul 23 19:34:02 UTC 2026
// 重构日志: ce992093
// 重构日志: a1a790f5
// 重构日志: 09133007
// 重构日志: 28145bed
// 重构日志: 0ee29fc4
// 重构日志: 16fd96d5
// 重构日志: d871f946
// 重构日志: 3a710af1
// 重构日志: 4e0eeb61
// 重构日志: 2a7272eb
// 重构日志: fc46efbd
// 同步 ID: c899fd21 @ Thu Jul 30 04:19:46 UTC 2026
// 重构日志: b1e2ae35
// 重构日志: 4ffaa1ab
// 同步 ID: 9749c835 @ Sat Aug  1 06:58:14 UTC 2026
// 同步 ID: f01351ba @ Sat Aug  1 09:22:13 UTC 2026
// 同步 ID: 79d14794 @ Sat Aug  1 11:57:14 UTC 2026
// 同步 ID: 03e8193b @ Sun Aug  2 12:17:18 UTC 2026
// 重构日志: c3a0aac9
// 重构日志: 0c679707
// 重构日志: d6fc32f0
// 重构日志: 5d3ed154
// 重构日志: 0b403d1a
// 重构日志: a26b9102
// 同步 ID: c3516c28 @ Thu Aug  6 15:07:17 UTC 2026
// 重构日志: 9eb3d3e8
// 重构日志: 85cba0ea
// 同步 ID: 3bdb5b2c @ Fri Aug  7 18:07:00 UTC 2026
// 重构日志: c0ebac57
